include "../domain.h";
include "../variable.h";
include "../predicate.h";
include "../constraint.h";
include "../relation-base.h";
include "../csp-problem.h";
include <utility>;
include <memory>;

presentation_t std::unique_ptr<AIT::CSP::CSP_Problem::Presentation> std::unique_ptr<AIT::CSP::CSP_Problem::Presentation>;
domain_t std::unique_ptr<AIT::CSP::Domain> std::unique_ptr<AIT::CSP::Domain>;
domains_t std::vector<std::unique_ptr<AIT::CSP::Domain>>&& std::vector<std::unique_ptr<AIT::CSP::Domain>>&&;
variable_t std::unique_ptr<AIT::CSP::Variable> std::unique_ptr<AIT::CSP::Variable>;
variables_t std::vector<std::unique_ptr<AIT::CSP::Variable>>&& std::vector<std::unique_ptr<AIT::CSP::Variable>>&&;
expression_t std::pair<AIT::CSP::Predicate::Type,std::string>;
predicate_t std::unique_ptr<AIT::CSP::Predicate> std::unique_ptr<AIT::CSP::Predicate>;
predicates_t std::vector<std::unique_ptr<AIT::CSP::Predicate>>&& std::vector<std::unique_ptr<AIT::CSP::Predicate>>&&;
constraint_t std::unique_ptr<AIT::CSP::Constraint> std::unique_ptr<AIT::CSP::Constraint>;
constraints_t std::vector<std::unique_ptr<AIT::CSP::Constraint>>&& std::vector<std::unique_ptr<AIT::CSP::Constraint>>&&;
instance_t std::unique_ptr<AIT::CSP::CSP_Problem>;
semanticsType AIT::CSP::RelationBase::Semantics;
problemType AIT::CSP::CSP_Problem::Presentation::Type;
problemFormat AIT::CSP::CSP_Problem::Presentation::Format;
